MAP
  NAME "gisnav_wms"
  PROJECTION
    "init=epsg:4326"
  END
  EXTENT -180 -90 180 90
  WEB
    METADATA
        "wms_title"           "GISNav WMS"
        "wms_abstract"        "GISNav orthoimagery and digital elevation model (DEM) WMS service"
        "wms_onlineresource"  "http://gisnav-mapserver-1/cgi-bin/mapserv.cgi?map=/etc/mapserver/default.map"
        "wms_srs"             "EPSG:3857 EPSG:4326"
        "wms_enable_request"  "GetMap GetCapabilities"
        "wms_feature_info_mime_type" "text/plain"
    END
  END
  LAYER
    NAME          "imagery"
    DATA          "/etc/mapserver/imagery.vrt"
    TYPE RASTER
    PROJECTION
      "init=epsg:26910"
    END
    METADATA
      "wms_title"       "GISNav orthoimagery"
      "wms_abstract"    "Orthoimagery from USGS"
    END
    TOLERANCE 1
  END
  LAYER
    NAME          "dem"
    DATA          "/etc/mapserver/dem.vrt"
    TYPE RASTER
    PROJECTION
      "init=epsg:4326"
    END
    METADATA
      "wms_title"       "GISNav elevation"
      "wms_abstract"    "Digital Elevation Model (DEM) from USGS"
    END
    TOLERANCE 1
  END
  LAYER
    NAME          "position"
    TYPE POINT
    CONNECTIONTYPE POSTGIS
    CONNECTION "dbname=gisnav user=gisnav password=gisnav host=gisnav-postgres-1"
    DATA "geom FROM gps_table USING UNIQUE id USING SRID=4326"
    STATUS ON
    CLASS
      NAME      "position"
      STYLE
        COLOR 255 0 0
        SYMBOL "circle"
        SIZE 6
      END
    END
  END
END
